[2026-01-05 02:20:06] This is codeql database index-files --include-extension=.java --exclude=**/module-info.java --exclude=**/package-info.java --size-limit=50m --language=java --working-dir=. /home/projjwalraj707/javamlkem/database
[2026-01-05 02:20:06] Log file was started late.
[2026-01-05 02:20:06] Using index-files script /home/projjwalraj707/codeql707/codeql-bundle/java/tools/index-files.sh.
[2026-01-05 02:20:06] [PROGRESS] database index-files> Scanning for files in /home/projjwalraj707/javamlkem...
[2026-01-05 02:20:06] Calling plumbing command: codeql resolve files --include-extension=.java --exclude=**/module-info.java --exclude=**/package-info.java --size-limit=50m /home/projjwalraj707/javamlkem --format=json
[2026-01-05 02:20:06] [PROGRESS] resolve files> Scanning /home/projjwalraj707/javamlkem...
[2026-01-05 02:20:06] [PROGRESS] resolve files> Scanning /home/projjwalraj707/javamlkem/.github...
[2026-01-05 02:20:06] [PROGRESS] resolve files> Scanning /home/projjwalraj707/javamlkem/.github/workflows...
[2026-01-05 02:20:06] [PROGRESS] resolve files> Scanning /home/projjwalraj707/javamlkem/org...
[2026-01-05 02:20:06] [PROGRESS] resolve files> Scanning /home/projjwalraj707/javamlkem/org/bouncycastle...
[2026-01-05 02:20:06] [PROGRESS] resolve files> Scanning /home/projjwalraj707/javamlkem/org/bouncycastle/tls...
[2026-01-05 02:20:06] [PROGRESS] resolve files> Scanning /home/projjwalraj707/javamlkem/org/bouncycastle/tls/crypto...
[2026-01-05 02:20:06] [PROGRESS] resolve files> Scanning /home/projjwalraj707/javamlkem/org/bouncycastle/tls/crypto/impl...
[2026-01-05 02:20:06] [PROGRESS] resolve files> Scanning /home/projjwalraj707/javamlkem/org/bouncycastle/tls/crypto/impl/jcajce...
[2026-01-05 02:20:06] [PROGRESS] resolve files> Scanning /home/projjwalraj707/javamlkem/org/bouncycastle/tls/crypto/impl/jcajce/srp...
[2026-01-05 02:20:06] [PROGRESS] resolve files> Scanning /home/projjwalraj707/javamlkem/org/bouncycastle/tls/crypto/impl/bc...
[2026-01-05 02:20:06] [PROGRESS] resolve files> Scanning /home/projjwalraj707/javamlkem/org/bouncycastle/math...
[2026-01-05 02:20:06] [PROGRESS] resolve files> Scanning /home/projjwalraj707/javamlkem/org/bouncycastle/math/ec...
[2026-01-05 02:20:06] [PROGRESS] resolve files> Scanning /home/projjwalraj707/javamlkem/org/bouncycastle/math/ec/endo...
[2026-01-05 02:20:06] [PROGRESS] resolve files> Scanning /home/projjwalraj707/javamlkem/org/bouncycastle/math/ec/custom...
[2026-01-05 02:20:06] [PROGRESS] resolve files> Scanning /home/projjwalraj707/javamlkem/org/bouncycastle/math/ec/custom/gm...
[2026-01-05 02:20:06] [PROGRESS] resolve files> Scanning /home/projjwalraj707/javamlkem/org/bouncycastle/math/ec/custom/sec...
[2026-01-05 02:20:06] [PROGRESS] resolve files> Scanning /home/projjwalraj707/javamlkem/org/bouncycastle/math/ec/custom/djb...
[2026-01-05 02:20:06] [PROGRESS] resolve files> Scanning /home/projjwalraj707/javamlkem/org/bouncycastle/math/ec/tools...
[2026-01-05 02:20:06] [PROGRESS] resolve files> Scanning /home/projjwalraj707/javamlkem/org/bouncycastle/math/ec/rfc8032...
[2026-01-05 02:20:06] [PROGRESS] resolve files> Scanning /home/projjwalraj707/javamlkem/org/bouncycastle/math/ec/rfc7748...
[2026-01-05 02:20:06] [PROGRESS] resolve files> Scanning /home/projjwalraj707/javamlkem/org/bouncycastle/math/raw...
[2026-01-05 02:20:06] [PROGRESS] resolve files> Scanning /home/projjwalraj707/javamlkem/org/bouncycastle/math/field...
[2026-01-05 02:20:06] [PROGRESS] resolve files> Scanning /home/projjwalraj707/javamlkem/org/bouncycastle/jcajce...
[2026-01-05 02:20:06] [PROGRESS] resolve files> Scanning /home/projjwalraj707/javamlkem/org/bouncycastle/jcajce/spec...
[2026-01-05 02:20:06] [PROGRESS] resolve files> Scanning /home/projjwalraj707/javamlkem/org/bouncycastle/jcajce/io...
[2026-01-05 02:20:06] [PROGRESS] resolve files> Scanning /home/projjwalraj707/javamlkem/org/bouncycastle/jcajce/util...
[2026-01-05 02:20:06] [PROGRESS] resolve files> Scanning /home/projjwalraj707/javamlkem/org/bouncycastle/jcajce/interfaces...
[2026-01-05 02:20:06] [PROGRESS] resolve files> Scanning /home/projjwalraj707/javamlkem/org/bouncycastle/jcajce/provider...
[2026-01-05 02:20:06] [PROGRESS] resolve files> Scanning /home/projjwalraj707/javamlkem/org/bouncycastle/jcajce/provider/drbg...
[2026-01-05 02:20:06] [PROGRESS] resolve files> Scanning /home/projjwalraj707/javamlkem/org/bouncycastle/jcajce/provider/digest...
[2026-01-05 02:20:06] [PROGRESS] resolve files> Scanning /home/projjwalraj707/javamlkem/org/bouncycastle/jcajce/provider/config...
[2026-01-05 02:20:06] [PROGRESS] resolve files> Scanning /home/projjwalraj707/javamlkem/org/bouncycastle/jcajce/provider/keystore...
[2026-01-05 02:20:06] [PROGRESS] resolve files> Scanning /home/projjwalraj707/javamlkem/org/bouncycastle/jcajce/provider/keystore/pkcs12...
[2026-01-05 02:20:06] [PROGRESS] resolve files> Scanning /home/projjwalraj707/javamlkem/org/bouncycastle/jcajce/provider/keystore/bc...
[2026-01-05 02:20:06] [PROGRESS] resolve files> Scanning /home/projjwalraj707/javamlkem/org/bouncycastle/jcajce/provider/keystore/bcfks...
[2026-01-05 02:20:06] [PROGRESS] resolve files> Scanning /home/projjwalraj707/javamlkem/org/bouncycastle/jcajce/provider/keystore/util...
[2026-01-05 02:20:06] [PROGRESS] resolve files> Scanning /home/projjwalraj707/javamlkem/org/bouncycastle/jcajce/provider/asymmetric...
[2026-01-05 02:20:06] [PROGRESS] resolve files> Scanning /home/projjwalraj707/javamlkem/org/bouncycastle/jcajce/provider/asymmetric/ec...
[2026-01-05 02:20:06] [PROGRESS] resolve files> Scanning /home/projjwalraj707/javamlkem/org/bouncycastle/jcajce/provider/asymmetric/ecgost...
[2026-01-05 02:20:06] [PROGRESS] resolve files> Scanning /home/projjwalraj707/javamlkem/org/bouncycastle/jcajce/provider/asymmetric/rsa...
[2026-01-05 02:20:06] [PROGRESS] resolve files> Scanning /home/projjwalraj707/javamlkem/org/bouncycastle/jcajce/provider/asymmetric/gost...
[2026-01-05 02:20:06] [PROGRESS] resolve files> Scanning /home/projjwalraj707/javamlkem/org/bouncycastle/jcajce/provider/asymmetric/ies...
[2026-01-05 02:20:06] [PROGRESS] resolve files> Scanning /home/projjwalraj707/javamlkem/org/bouncycastle/jcajce/provider/asymmetric/slhdsa...
[2026-01-05 02:20:06] [PROGRESS] resolve files> Scanning /home/projjwalraj707/javamlkem/org/bouncycastle/jcajce/provider/asymmetric/util...
[2026-01-05 02:20:06] [PROGRESS] resolve files> Scanning /home/projjwalraj707/javamlkem/org/bouncycastle/jcajce/provider/asymmetric/dsa...
[2026-01-05 02:20:06] [PROGRESS] resolve files> Scanning /home/projjwalraj707/javamlkem/org/bouncycastle/jcajce/provider/asymmetric/mldsa...
[2026-01-05 02:20:06] [PROGRESS] resolve files> Scanning /home/projjwalraj707/javamlkem/org/bouncycastle/jcajce/provider/asymmetric/mlkem...
[2026-01-05 02:20:06] [PROGRESS] resolve files> Scanning /home/projjwalraj707/javamlkem/org/bouncycastle/jcajce/provider/asymmetric/dstu...
[2026-01-05 02:20:06] [PROGRESS] resolve files> Scanning /home/projjwalraj707/javamlkem/org/bouncycastle/jcajce/provider/asymmetric/edec...
[2026-01-05 02:20:06] [PROGRESS] resolve files> Scanning /home/projjwalraj707/javamlkem/org/bouncycastle/jcajce/provider/asymmetric/ecgost12...
[2026-01-05 02:20:06] [PROGRESS] resolve files> Scanning /home/projjwalraj707/javamlkem/org/bouncycastle/jcajce/provider/asymmetric/x509...
[2026-01-05 02:20:06] [PROGRESS] resolve files> Scanning /home/projjwalraj707/javamlkem/org/bouncycastle/jcajce/provider/asymmetric/dh...
[2026-01-05 02:20:06] [PROGRESS] resolve files> Scanning /home/projjwalraj707/javamlkem/org/bouncycastle/jcajce/provider/asymmetric/elgamal...
[2026-01-05 02:20:06] [PROGRESS] resolve files> Scanning /home/projjwalraj707/javamlkem/org/bouncycastle/jcajce/provider/asymmetric/compositesignatures...
[2026-01-05 02:20:06] [PROGRESS] resolve files> Scanning /home/projjwalraj707/javamlkem/org/bouncycastle/jcajce/provider/util...
[2026-01-05 02:20:06] [PROGRESS] resolve files> Scanning /home/projjwalraj707/javamlkem/org/bouncycastle/jcajce/provider/symmetric...
[2026-01-05 02:20:06] [PROGRESS] resolve files> Scanning /home/projjwalraj707/javamlkem/org/bouncycastle/jcajce/provider/symmetric/util...
[2026-01-05 02:20:06] [PROGRESS] resolve files> Scanning /home/projjwalraj707/javamlkem/org/bouncycastle/asn1...
[2026-01-05 02:20:06] [PROGRESS] resolve files> Scanning /home/projjwalraj707/javamlkem/org/bouncycastle/asn1/bsi...
[2026-01-05 02:20:06] [PROGRESS] resolve files> Scanning /home/projjwalraj707/javamlkem/org/bouncycastle/asn1/eac...
[2026-01-05 02:20:06] [PROGRESS] resolve files> Scanning /home/projjwalraj707/javamlkem/org/bouncycastle/asn1/tsp...
[2026-01-05 02:20:06] [PROGRESS] resolve files> Scanning /home/projjwalraj707/javamlkem/org/bouncycastle/asn1/gm...
[2026-01-05 02:20:06] [PROGRESS] resolve files> Scanning /home/projjwalraj707/javamlkem/org/bouncycastle/asn1/cms...
[2026-01-05 02:20:06] [PROGRESS] resolve files> Scanning /home/projjwalraj707/javamlkem/org/bouncycastle/asn1/cms/ecc...
[2026-01-05 02:20:06] [PROGRESS] resolve files> Scanning /home/projjwalraj707/javamlkem/org/bouncycastle/asn1/icao...
[2026-01-05 02:20:06] [PROGRESS] resolve files> Scanning /home/projjwalraj707/javamlkem/org/bouncycastle/asn1/dvcs...
[2026-01-05 02:20:06] [PROGRESS] resolve files> Scanning /home/projjwalraj707/javamlkem/org/bouncycastle/asn1/cmc...
[2026-01-05 02:20:06] [PROGRESS] resolve files> Scanning /home/projjwalraj707/javamlkem/org/bouncycastle/asn1/anssi...
[2026-01-05 02:20:06] [PROGRESS] resolve files> Scanning /home/projjwalraj707/javamlkem/org/bouncycastle/asn1/sec...
[2026-01-05 02:20:06] [PROGRESS] resolve files> Scanning /home/projjwalraj707/javamlkem/org/bouncycastle/asn1/misc...
[2026-01-05 02:20:06] [PROGRESS] resolve files> Scanning /home/projjwalraj707/javamlkem/org/bouncycastle/asn1/esf...
[2026-01-05 02:20:06] [PROGRESS] resolve files> Scanning /home/projjwalraj707/javamlkem/org/bouncycastle/asn1/ntt...
[2026-01-05 02:20:06] [PROGRESS] resolve files> Scanning /home/projjwalraj707/javamlkem/org/bouncycastle/asn1/bc...
[2026-01-05 02:20:06] [PROGRESS] resolve files> Scanning /home/projjwalraj707/javamlkem/org/bouncycastle/asn1/isara...
[2026-01-05 02:20:06] [PROGRESS] resolve files> Scanning /home/projjwalraj707/javamlkem/org/bouncycastle/asn1/nsri...
[2026-01-05 02:20:06] [PROGRESS] resolve files> Scanning /home/projjwalraj707/javamlkem/org/bouncycastle/asn1/gnu...
[2026-01-05 02:20:06] [PROGRESS] resolve files> Scanning /home/projjwalraj707/javamlkem/org/bouncycastle/asn1/oiw...
[2026-01-05 02:20:06] [PROGRESS] resolve files> Scanning /home/projjwalraj707/javamlkem/org/bouncycastle/asn1/teletrust...
[2026-01-05 02:20:06] [PROGRESS] resolve files> Scanning /home/projjwalraj707/javamlkem/org/bouncycastle/asn1/rosstandart...
[2026-01-05 02:20:06] [PROGRESS] resolve files> Scanning /home/projjwalraj707/javamlkem/org/bouncycastle/asn1/iana...
[2026-01-05 02:20:06] [PROGRESS] resolve files> Scanning /home/projjwalraj707/javamlkem/org/bouncycastle/asn1/ess...
[2026-01-05 02:20:06] [PROGRESS] resolve files> Scanning /home/projjwalraj707/javamlkem/org/bouncycastle/asn1/isismtt...
[2026-01-05 02:20:06] [PROGRESS] resolve files> Scanning /home/projjwalraj707/javamlkem/org/bouncycastle/asn1/isismtt/x509...
[2026-01-05 02:20:06] [PROGRESS] resolve files> Scanning /home/projjwalraj707/javamlkem/org/bouncycastle/asn1/isismtt/ocsp...
[2026-01-05 02:20:06] [PROGRESS] resolve files> Scanning /home/projjwalraj707/javamlkem/org/bouncycastle/asn1/util...
[2026-01-05 02:20:06] [PROGRESS] resolve files> Scanning /home/projjwalraj707/javamlkem/org/bouncycastle/asn1/cmp...
[2026-01-05 02:20:06] [PROGRESS] resolve files> Scanning /home/projjwalraj707/javamlkem/org/bouncycastle/asn1/crmf...
[2026-01-05 02:20:06] [PROGRESS] resolve files> Scanning /home/projjwalraj707/javamlkem/org/bouncycastle/asn1/microsoft...
[2026-01-05 02:20:06] [PROGRESS] resolve files> Scanning /home/projjwalraj707/javamlkem/org/bouncycastle/asn1/cryptopro...
[2026-01-05 02:20:06] [PROGRESS] resolve files> Scanning /home/projjwalraj707/javamlkem/org/bouncycastle/asn1/smime...
[2026-01-05 02:20:06] [PROGRESS] resolve files> Scanning /home/projjwalraj707/javamlkem/org/bouncycastle/asn1/ua...
[2026-01-05 02:20:06] [PROGRESS] resolve files> Scanning /home/projjwalraj707/javamlkem/org/bouncycastle/asn1/nist...
[2026-01-05 02:20:06] [PROGRESS] resolve files> Scanning /home/projjwalraj707/javamlkem/org/bouncycastle/asn1/kisa...
[2026-01-05 02:20:06] [PROGRESS] resolve files> Scanning /home/projjwalraj707/javamlkem/org/bouncycastle/asn1/edec...
[2026-01-05 02:20:06] [PROGRESS] resolve files> Scanning /home/projjwalraj707/javamlkem/org/bouncycastle/asn1/pkcs...
[2026-01-05 02:20:06] [PROGRESS] resolve files> Scanning /home/projjwalraj707/javamlkem/org/bouncycastle/asn1/x509...
[2026-01-05 02:20:06] [PROGRESS] resolve files> Scanning /home/projjwalraj707/javamlkem/org/bouncycastle/asn1/x509/sigi...
[2026-01-05 02:20:06] [PROGRESS] resolve files> Scanning /home/projjwalraj707/javamlkem/org/bouncycastle/asn1/x509/qualified...
[2026-01-05 02:20:06] [PROGRESS] resolve files> Scanning /home/projjwalraj707/javamlkem/org/bouncycastle/asn1/ocsp...
[2026-01-05 02:20:06] [PROGRESS] resolve files> Scanning /home/projjwalraj707/javamlkem/org/bouncycastle/asn1/est...
[2026-01-05 02:20:06] [PROGRESS] resolve files> Scanning /home/projjwalraj707/javamlkem/org/bouncycastle/asn1/mod...
[2026-01-05 02:20:06] [PROGRESS] resolve files> Scanning /home/projjwalraj707/javamlkem/org/bouncycastle/asn1/iso...
[2026-01-05 02:20:06] [PROGRESS] resolve files> Scanning /home/projjwalraj707/javamlkem/org/bouncycastle/asn1/x500...
[2026-01-05 02:20:06] [PROGRESS] resolve files> Scanning /home/projjwalraj707/javamlkem/org/bouncycastle/asn1/x500/style...
[2026-01-05 02:20:06] [PROGRESS] resolve files> Scanning /home/projjwalraj707/javamlkem/org/bouncycastle/asn1/cryptlib...
[2026-01-05 02:20:06] [PROGRESS] resolve files> Scanning /home/projjwalraj707/javamlkem/org/bouncycastle/asn1/mozilla...
[2026-01-05 02:20:06] [PROGRESS] resolve files> Scanning /home/projjwalraj707/javamlkem/org/bouncycastle/asn1/x9...
[2026-01-05 02:20:06] [PROGRESS] resolve files> Scanning /home/projjwalraj707/javamlkem/org/bouncycastle/pqc...
[2026-01-05 02:20:06] [PROGRESS] resolve files> Scanning /home/projjwalraj707/javamlkem/org/bouncycastle/pqc/math...
[2026-01-05 02:20:06] [PROGRESS] resolve files> Scanning /home/projjwalraj707/javamlkem/org/bouncycastle/pqc/math/ntru...
[2026-01-05 02:20:06] [PROGRESS] resolve files> Scanning /home/projjwalraj707/javamlkem/org/bouncycastle/pqc/math/ntru/parameters...
[2026-01-05 02:20:06] [PROGRESS] resolve files> Scanning /home/projjwalraj707/javamlkem/org/bouncycastle/pqc/jcajce...
[2026-01-05 02:20:06] [PROGRESS] resolve files> Scanning /home/projjwalraj707/javamlkem/org/bouncycastle/pqc/jcajce/spec...
[2026-01-05 02:20:06] [PROGRESS] resolve files> Scanning /home/projjwalraj707/javamlkem/org/bouncycastle/pqc/jcajce/interfaces...
[2026-01-05 02:20:06] [PROGRESS] resolve files> Scanning /home/projjwalraj707/javamlkem/org/bouncycastle/pqc/jcajce/provider...
[2026-01-05 02:20:06] [PROGRESS] resolve files> Scanning /home/projjwalraj707/javamlkem/org/bouncycastle/pqc/jcajce/provider/snova...
[2026-01-05 02:20:06] [PROGRESS] resolve files> Scanning /home/projjwalraj707/javamlkem/org/bouncycastle/pqc/jcajce/provider/hqc...
[2026-01-05 02:20:06] [PROGRESS] resolve files> Scanning /home/projjwalraj707/javamlkem/org/bouncycastle/pqc/jcajce/provider/sphincsplus...
[2026-01-05 02:20:06] [PROGRESS] resolve files> Scanning /home/projjwalraj707/javamlkem/org/bouncycastle/pqc/jcajce/provider/xmss...
[2026-01-05 02:20:06] [PROGRESS] resolve files> Scanning /home/projjwalraj707/javamlkem/org/bouncycastle/pqc/jcajce/provider/sphincs...
[2026-01-05 02:20:06] [PROGRESS] resolve files> Scanning /home/projjwalraj707/javamlkem/org/bouncycastle/pqc/jcajce/provider/cmce...
[2026-01-05 02:20:06] [PROGRESS] resolve files> Scanning /home/projjwalraj707/javamlkem/org/bouncycastle/pqc/jcajce/provider/saber...
[2026-01-05 02:20:06] [PROGRESS] resolve files> Scanning /home/projjwalraj707/javamlkem/org/bouncycastle/pqc/jcajce/provider/ntruprime...
[2026-01-05 02:20:06] [PROGRESS] resolve files> Scanning /home/projjwalraj707/javamlkem/org/bouncycastle/pqc/jcajce/provider/util...
[2026-01-05 02:20:06] [PROGRESS] resolve files> Scanning /home/projjwalraj707/javamlkem/org/bouncycastle/pqc/jcajce/provider/kyber...
[2026-01-05 02:20:06] [PROGRESS] resolve files> Scanning /home/projjwalraj707/javamlkem/org/bouncycastle/pqc/jcajce/provider/bike...
[2026-01-05 02:20:06] [PROGRESS] resolve files> Scanning /home/projjwalraj707/javamlkem/org/bouncycastle/pqc/jcajce/provider/mayo...
[2026-01-05 02:20:06] [PROGRESS] resolve files> Scanning /home/projjwalraj707/javamlkem/org/bouncycastle/pqc/jcajce/provider/dilithium...
[2026-01-05 02:20:06] [PROGRESS] resolve files> Scanning /home/projjwalraj707/javamlkem/org/bouncycastle/pqc/jcajce/provider/picnic...
[2026-01-05 02:20:06] [PROGRESS] resolve files> Scanning /home/projjwalraj707/javamlkem/org/bouncycastle/pqc/jcajce/provider/newhope...
[2026-01-05 02:20:06] [PROGRESS] resolve files> Scanning /home/projjwalraj707/javamlkem/org/bouncycastle/pqc/jcajce/provider/frodo...
[2026-01-05 02:20:06] [PROGRESS] resolve files> Scanning /home/projjwalraj707/javamlkem/org/bouncycastle/pqc/jcajce/provider/falcon...
[2026-01-05 02:20:06] [PROGRESS] resolve files> Scanning /home/projjwalraj707/javamlkem/org/bouncycastle/pqc/jcajce/provider/lms...
[2026-01-05 02:20:06] [PROGRESS] resolve files> Scanning /home/projjwalraj707/javamlkem/org/bouncycastle/pqc/jcajce/provider/ntru...
[2026-01-05 02:20:06] [PROGRESS] resolve files> Scanning /home/projjwalraj707/javamlkem/org/bouncycastle/pqc/asn1...
[2026-01-05 02:20:06] [PROGRESS] resolve files> Scanning /home/projjwalraj707/javamlkem/org/bouncycastle/pqc/crypto...
[2026-01-05 02:20:06] [PROGRESS] resolve files> Scanning /home/projjwalraj707/javamlkem/org/bouncycastle/pqc/crypto/snova...
[2026-01-05 02:20:06] [PROGRESS] resolve files> Scanning /home/projjwalraj707/javamlkem/org/bouncycastle/pqc/crypto/hqc...
[2026-01-05 02:20:06] [PROGRESS] resolve files> Scanning /home/projjwalraj707/javamlkem/org/bouncycastle/pqc/crypto/sphincsplus...
[2026-01-05 02:20:06] [PROGRESS] resolve files> Scanning /home/projjwalraj707/javamlkem/org/bouncycastle/pqc/crypto/crystals...
[2026-01-05 02:20:06] [PROGRESS] resolve files> Scanning /home/projjwalraj707/javamlkem/org/bouncycastle/pqc/crypto/crystals/dilithium...
[2026-01-05 02:20:06] [PROGRESS] resolve files> Scanning /home/projjwalraj707/javamlkem/org/bouncycastle/pqc/crypto/xmss...
[2026-01-05 02:20:06] [PROGRESS] resolve files> Scanning /home/projjwalraj707/javamlkem/org/bouncycastle/pqc/crypto/slhdsa...
[2026-01-05 02:20:06] [PROGRESS] resolve files> Scanning /home/projjwalraj707/javamlkem/org/bouncycastle/pqc/crypto/sphincs...
[2026-01-05 02:20:06] [PROGRESS] resolve files> Scanning /home/projjwalraj707/javamlkem/org/bouncycastle/pqc/crypto/cmce...
[2026-01-05 02:20:06] [PROGRESS] resolve files> Scanning /home/projjwalraj707/javamlkem/org/bouncycastle/pqc/crypto/saber...
[2026-01-05 02:20:06] [PROGRESS] resolve files> Scanning /home/projjwalraj707/javamlkem/org/bouncycastle/pqc/crypto/ntruprime...
[2026-01-05 02:20:06] [PROGRESS] resolve files> Scanning /home/projjwalraj707/javamlkem/org/bouncycastle/pqc/crypto/util...
[2026-01-05 02:20:06] [PROGRESS] resolve files> Scanning /home/projjwalraj707/javamlkem/org/bouncycastle/pqc/crypto/mldsa...
[2026-01-05 02:20:06] [PROGRESS] resolve files> Scanning /home/projjwalraj707/javamlkem/org/bouncycastle/pqc/crypto/mlkem...
[2026-01-05 02:20:06] [PROGRESS] resolve files> Scanning /home/projjwalraj707/javamlkem/org/bouncycastle/pqc/crypto/bike...
[2026-01-05 02:20:06] [PROGRESS] resolve files> Scanning /home/projjwalraj707/javamlkem/org/bouncycastle/pqc/crypto/rainbow...
[2026-01-05 02:20:06] [PROGRESS] resolve files> Scanning /home/projjwalraj707/javamlkem/org/bouncycastle/pqc/crypto/mayo...
[2026-01-05 02:20:06] [PROGRESS] resolve files> Scanning /home/projjwalraj707/javamlkem/org/bouncycastle/pqc/crypto/picnic...
[2026-01-05 02:20:06] [PROGRESS] resolve files> Scanning /home/projjwalraj707/javamlkem/org/bouncycastle/pqc/crypto/xwing...
[2026-01-05 02:20:06] [PROGRESS] resolve files> Scanning /home/projjwalraj707/javamlkem/org/bouncycastle/pqc/crypto/newhope...
[2026-01-05 02:20:06] [PROGRESS] resolve files> Scanning /home/projjwalraj707/javamlkem/org/bouncycastle/pqc/crypto/frodo...
[2026-01-05 02:20:06] [PROGRESS] resolve files> Scanning /home/projjwalraj707/javamlkem/org/bouncycastle/pqc/crypto/falcon...
[2026-01-05 02:20:06] [PROGRESS] resolve files> Scanning /home/projjwalraj707/javamlkem/org/bouncycastle/pqc/crypto/lms...
[2026-01-05 02:20:06] [PROGRESS] resolve files> Scanning /home/projjwalraj707/javamlkem/org/bouncycastle/pqc/crypto/ntru...
[2026-01-05 02:20:06] [PROGRESS] resolve files> Scanning /home/projjwalraj707/javamlkem/org/bouncycastle/jce...
[2026-01-05 02:20:06] [PROGRESS] resolve files> Scanning /home/projjwalraj707/javamlkem/org/bouncycastle/jce/exception...
[2026-01-05 02:20:06] [PROGRESS] resolve files> Scanning /home/projjwalraj707/javamlkem/org/bouncycastle/jce/spec...
[2026-01-05 02:20:06] [PROGRESS] resolve files> Scanning /home/projjwalraj707/javamlkem/org/bouncycastle/jce/interfaces...
[2026-01-05 02:20:06] [PROGRESS] resolve files> Scanning /home/projjwalraj707/javamlkem/org/bouncycastle/jce/provider...
[2026-01-05 02:20:06] [PROGRESS] resolve files> Scanning /home/projjwalraj707/javamlkem/org/bouncycastle/jce/netscape...
[2026-01-05 02:20:06] [PROGRESS] resolve files> Scanning /home/projjwalraj707/javamlkem/org/bouncycastle/iana...
[2026-01-05 02:20:06] [PROGRESS] resolve files> Scanning /home/projjwalraj707/javamlkem/org/bouncycastle/oer...
[2026-01-05 02:20:06] [PROGRESS] resolve files> Scanning /home/projjwalraj707/javamlkem/org/bouncycastle/oer/its...
[2026-01-05 02:20:06] [PROGRESS] resolve files> Scanning /home/projjwalraj707/javamlkem/org/bouncycastle/oer/its/etsi102941...
[2026-01-05 02:20:06] [PROGRESS] resolve files> Scanning /home/projjwalraj707/javamlkem/org/bouncycastle/oer/its/etsi102941/basetypes...
[2026-01-05 02:20:06] [PROGRESS] resolve files> Scanning /home/projjwalraj707/javamlkem/org/bouncycastle/oer/its/ieee1609dot2...
[2026-01-05 02:20:06] [PROGRESS] resolve files> Scanning /home/projjwalraj707/javamlkem/org/bouncycastle/oer/its/ieee1609dot2/basetypes...
[2026-01-05 02:20:06] [PROGRESS] resolve files> Scanning /home/projjwalraj707/javamlkem/org/bouncycastle/oer/its/template...
[2026-01-05 02:20:06] [PROGRESS] resolve files> Scanning /home/projjwalraj707/javamlkem/org/bouncycastle/oer/its/template/etsi102941...
[2026-01-05 02:20:06] [PROGRESS] resolve files> Scanning /home/projjwalraj707/javamlkem/org/bouncycastle/oer/its/template/etsi102941/basetypes...
[2026-01-05 02:20:06] [PROGRESS] resolve files> Scanning /home/projjwalraj707/javamlkem/org/bouncycastle/oer/its/template/ieee1609dot2...
[2026-01-05 02:20:06] [PROGRESS] resolve files> Scanning /home/projjwalraj707/javamlkem/org/bouncycastle/oer/its/template/ieee1609dot2/basetypes...
[2026-01-05 02:20:06] [PROGRESS] resolve files> Scanning /home/projjwalraj707/javamlkem/org/bouncycastle/oer/its/template/ieee1609dot2dot1...
[2026-01-05 02:20:06] [PROGRESS] resolve files> Scanning /home/projjwalraj707/javamlkem/org/bouncycastle/oer/its/template/etsi103097...
[2026-01-05 02:20:06] [PROGRESS] resolve files> Scanning /home/projjwalraj707/javamlkem/org/bouncycastle/oer/its/template/etsi103097/extension...
[2026-01-05 02:20:06] [PROGRESS] resolve files> Scanning /home/projjwalraj707/javamlkem/org/bouncycastle/oer/its/ieee1609dot2dot1...
[2026-01-05 02:20:06] [PROGRESS] resolve files> Scanning /home/projjwalraj707/javamlkem/org/bouncycastle/oer/its/etsi103097...
[2026-01-05 02:20:06] [PROGRESS] resolve files> Scanning /home/projjwalraj707/javamlkem/org/bouncycastle/oer/its/etsi103097/extension...
[2026-01-05 02:20:06] [PROGRESS] resolve files> Scanning /home/projjwalraj707/javamlkem/org/bouncycastle/util...
[2026-01-05 02:20:06] [PROGRESS] resolve files> Scanning /home/projjwalraj707/javamlkem/org/bouncycastle/util/io...
[2026-01-05 02:20:06] [PROGRESS] resolve files> Scanning /home/projjwalraj707/javamlkem/org/bouncycastle/util/io/pem...
[2026-01-05 02:20:06] [PROGRESS] resolve files> Scanning /home/projjwalraj707/javamlkem/org/bouncycastle/util/encoders...
[2026-01-05 02:20:06] [PROGRESS] resolve files> Scanning /home/projjwalraj707/javamlkem/org/bouncycastle/util/test...
[2026-01-05 02:20:06] [PROGRESS] resolve files> Scanning /home/projjwalraj707/javamlkem/org/bouncycastle/i18n...
[2026-01-05 02:20:06] [PROGRESS] resolve files> Scanning /home/projjwalraj707/javamlkem/org/bouncycastle/i18n/filter...
[2026-01-05 02:20:06] [PROGRESS] resolve files> Scanning /home/projjwalraj707/javamlkem/org/bouncycastle/crypto...
[2026-01-05 02:20:06] [PROGRESS] resolve files> Scanning /home/projjwalraj707/javamlkem/org/bouncycastle/crypto/tls...
[2026-01-05 02:20:06] [PROGRESS] resolve files> Scanning /home/projjwalraj707/javamlkem/org/bouncycastle/crypto/ec...
[2026-01-05 02:20:06] [PROGRESS] resolve files> Scanning /home/projjwalraj707/javamlkem/org/bouncycastle/crypto/encodings...
[2026-01-05 02:20:06] [PROGRESS] resolve files> Scanning /home/projjwalraj707/javamlkem/org/bouncycastle/crypto/agreement...
[2026-01-05 02:20:06] [PROGRESS] resolve files> Scanning /home/projjwalraj707/javamlkem/org/bouncycastle/crypto/agreement/ecjpake...
[2026-01-05 02:20:06] [PROGRESS] resolve files> Scanning /home/projjwalraj707/javamlkem/org/bouncycastle/crypto/agreement/srp...
[2026-01-05 02:20:06] [PROGRESS] resolve files> Scanning /home/projjwalraj707/javamlkem/org/bouncycastle/crypto/agreement/jpake...
[2026-01-05 02:20:06] [PROGRESS] resolve files> Scanning /home/projjwalraj707/javamlkem/org/bouncycastle/crypto/agreement/kdf...
[2026-01-05 02:20:06] [PROGRESS] resolve files> Scanning /home/projjwalraj707/javamlkem/org/bouncycastle/crypto/threshold...
[2026-01-05 02:20:06] [PROGRESS] resolve files> Scanning /home/projjwalraj707/javamlkem/org/bouncycastle/crypto/params...
[2026-01-05 02:20:06] [PROGRESS] resolve files> Scanning /home/projjwalraj707/javamlkem/org/bouncycastle/crypto/engines...
[2026-01-05 02:20:06] [PROGRESS] resolve files> Scanning /home/projjwalraj707/javamlkem/org/bouncycastle/crypto/io...
[2026-01-05 02:20:06] [PROGRESS] resolve files> Scanning /home/projjwalraj707/javamlkem/org/bouncycastle/crypto/constraints...
[2026-01-05 02:20:06] [PROGRESS] resolve files> Scanning /home/projjwalraj707/javamlkem/org/bouncycastle/crypto/macs...
[2026-01-05 02:20:06] [PROGRESS] resolve files> Scanning /home/projjwalraj707/javamlkem/org/bouncycastle/crypto/paddings...
[2026-01-05 02:20:06] [PROGRESS] resolve files> Scanning /home/projjwalraj707/javamlkem/org/bouncycastle/crypto/hpke...
[2026-01-05 02:20:06] [PROGRESS] resolve files> Scanning /home/projjwalraj707/javamlkem/org/bouncycastle/crypto/prng...
[2026-01-05 02:20:06] [PROGRESS] resolve files> Scanning /home/projjwalraj707/javamlkem/org/bouncycastle/crypto/prng/drbg...
[2026-01-05 02:20:06] [PROGRESS] resolve files> Scanning /home/projjwalraj707/javamlkem/org/bouncycastle/crypto/util...
[2026-01-05 02:20:06] [PROGRESS] resolve files> Scanning /home/projjwalraj707/javamlkem/org/bouncycastle/crypto/fpe...
[2026-01-05 02:20:06] [PROGRESS] resolve files> Scanning /home/projjwalraj707/javamlkem/org/bouncycastle/crypto/modes...
[2026-01-05 02:20:06] [PROGRESS] resolve files> Scanning /home/projjwalraj707/javamlkem/org/bouncycastle/crypto/modes/kgcm...
[2026-01-05 02:20:06] [PROGRESS] resolve files> Scanning /home/projjwalraj707/javamlkem/org/bouncycastle/crypto/modes/gcm...
[2026-01-05 02:20:06] [PROGRESS] resolve files> Scanning /home/projjwalraj707/javamlkem/org/bouncycastle/crypto/generators...
[2026-01-05 02:20:06] [PROGRESS] resolve files> Scanning /home/projjwalraj707/javamlkem/org/bouncycastle/crypto/kems...
[2026-01-05 02:20:06] [PROGRESS] resolve files> Scanning /home/projjwalraj707/javamlkem/org/bouncycastle/crypto/signers...
[2026-01-05 02:20:06] [PROGRESS] resolve files> Scanning /home/projjwalraj707/javamlkem/org/bouncycastle/crypto/examples...
[2026-01-05 02:20:06] [PROGRESS] resolve files> Scanning /home/projjwalraj707/javamlkem/org/bouncycastle/crypto/digests...
[2026-01-05 02:20:06] [PROGRESS] resolve files> Scanning /home/projjwalraj707/javamlkem/org/bouncycastle/crypto/parsers...
[2026-01-05 02:20:06] [PROGRESS] resolve files> Scanning /home/projjwalraj707/javamlkem/org/bouncycastle/crypto/commitments...
[2026-01-05 02:20:06] [PROGRESS] resolve files> Scanning /home/projjwalraj707/javamlkem/org/bouncycastle/x509...
[2026-01-05 02:20:06] [PROGRESS] resolve files> Scanning /home/projjwalraj707/javamlkem/org/bouncycastle/x509/extension...
[2026-01-05 02:20:06] [PROGRESS] resolve files> Scanning /home/projjwalraj707/javamlkem/org/bouncycastle/x509/util...
[2026-01-05 02:20:06] [PROGRESS] resolve files> Scanning /home/projjwalraj707/javamlkem/org/bouncycastle/jsse...
[2026-01-05 02:20:06] [PROGRESS] resolve files> Scanning /home/projjwalraj707/javamlkem/org/bouncycastle/jsse/java...
[2026-01-05 02:20:06] [PROGRESS] resolve files> Scanning /home/projjwalraj707/javamlkem/org/bouncycastle/jsse/java/security...
[2026-01-05 02:20:06] [PROGRESS] resolve files> Scanning /home/projjwalraj707/javamlkem/org/bouncycastle/jsse/util...
[2026-01-05 02:20:06] [PROGRESS] resolve files> Scanning /home/projjwalraj707/javamlkem/org/bouncycastle/jsse/provider...
[2026-01-05 02:20:06] [PROGRESS] resolve files> Scanning /home/projjwalraj707/javamlkem/org/bouncycastle/internal...
[2026-01-05 02:20:06] [PROGRESS] resolve files> Scanning /home/projjwalraj707/javamlkem/org/bouncycastle/internal/asn1...
[2026-01-05 02:20:06] [PROGRESS] resolve files> Scanning /home/projjwalraj707/javamlkem/org/bouncycastle/internal/asn1/bsi...
[2026-01-05 02:20:06] [PROGRESS] resolve files> Scanning /home/projjwalraj707/javamlkem/org/bouncycastle/internal/asn1/eac...
[2026-01-05 02:20:06] [PROGRESS] resolve files> Scanning /home/projjwalraj707/javamlkem/org/bouncycastle/internal/asn1/cms...
[2026-01-05 02:20:06] [PROGRESS] resolve files> Scanning /home/projjwalraj707/javamlkem/org/bouncycastle/internal/asn1/misc...
[2026-01-05 02:20:06] [PROGRESS] resolve files> Scanning /home/projjwalraj707/javamlkem/org/bouncycastle/internal/asn1/ntt...
[2026-01-05 02:20:06] [PROGRESS] resolve files> Scanning /home/projjwalraj707/javamlkem/org/bouncycastle/internal/asn1/isara...
[2026-01-05 02:20:06] [PROGRESS] resolve files> Scanning /home/projjwalraj707/javamlkem/org/bouncycastle/internal/asn1/nsri...
[2026-01-05 02:20:06] [PROGRESS] resolve files> Scanning /home/projjwalraj707/javamlkem/org/bouncycastle/internal/asn1/gnu...
[2026-01-05 02:20:06] [PROGRESS] resolve files> Scanning /home/projjwalraj707/javamlkem/org/bouncycastle/internal/asn1/oiw...
[2026-01-05 02:20:06] [PROGRESS] resolve files> Scanning /home/projjwalraj707/javamlkem/org/bouncycastle/internal/asn1/rosstandart...
[2026-01-05 02:20:06] [PROGRESS] resolve files> Scanning /home/projjwalraj707/javamlkem/org/bouncycastle/internal/asn1/iana...
[2026-01-05 02:20:06] [PROGRESS] resolve files> Scanning /home/projjwalraj707/javamlkem/org/bouncycastle/internal/asn1/isismtt...
[2026-01-05 02:20:06] [PROGRESS] resolve files> Scanning /home/projjwalraj707/javamlkem/org/bouncycastle/internal/asn1/microsoft...
[2026-01-05 02:20:06] [PROGRESS] resolve files> Scanning /home/projjwalraj707/javamlkem/org/bouncycastle/internal/asn1/kisa...
[2026-01-05 02:20:06] [PROGRESS] resolve files> Scanning /home/projjwalraj707/javamlkem/org/bouncycastle/internal/asn1/edec...
[2026-01-05 02:20:06] [PROGRESS] resolve files> Scanning /home/projjwalraj707/javamlkem/org/bouncycastle/internal/asn1/iso...
[2026-01-05 02:20:06] [PROGRESS] resolve files> Scanning /home/projjwalraj707/javamlkem/org/bouncycastle/internal/asn1/cryptlib...
[2026-01-05 02:20:06] [PROGRESS] resolve files> Scanning /home/projjwalraj707/javamlkem/database...
[2026-01-05 02:20:06] [PROGRESS] resolve files> Scanning /home/projjwalraj707/javamlkem/database/diagnostic...
[2026-01-05 02:20:06] [PROGRESS] resolve files> Scanning /home/projjwalraj707/javamlkem/database/diagnostic/extractors...
[2026-01-05 02:20:06] [PROGRESS] resolve files> Scanning /home/projjwalraj707/javamlkem/database/diagnostic/extractors/java...
[2026-01-05 02:20:06] [PROGRESS] resolve files> Scanning /home/projjwalraj707/javamlkem/database/diagnostic/tracer...
[2026-01-05 02:20:06] [PROGRESS] resolve files> Scanning /home/projjwalraj707/javamlkem/database/log...
[2026-01-05 02:20:06] [PROGRESS] resolve files> Scanning /home/projjwalraj707/javamlkem/database/working...
[2026-01-05 02:20:06] [PROGRESS] resolve files> Scanning /home/projjwalraj707/javamlkem/.git...
[2026-01-05 02:20:06] [PROGRESS] resolve files> Scanning /home/projjwalraj707/javamlkem/.git/logs...
[2026-01-05 02:20:06] [PROGRESS] resolve files> Scanning /home/projjwalraj707/javamlkem/.git/logs/refs...
[2026-01-05 02:20:06] [PROGRESS] resolve files> Scanning /home/projjwalraj707/javamlkem/.git/logs/refs/remotes...
[2026-01-05 02:20:06] [PROGRESS] resolve files> Scanning /home/projjwalraj707/javamlkem/.git/logs/refs/remotes/origin...
[2026-01-05 02:20:06] [PROGRESS] resolve files> Scanning /home/projjwalraj707/javamlkem/.git/logs/refs/heads...
[2026-01-05 02:20:06] [PROGRESS] resolve files> Scanning /home/projjwalraj707/javamlkem/.git/hooks...
[2026-01-05 02:20:06] [PROGRESS] resolve files> Scanning /home/projjwalraj707/javamlkem/.git/info...
[2026-01-05 02:20:06] [PROGRESS] resolve files> Scanning /home/projjwalraj707/javamlkem/.git/refs...
[2026-01-05 02:20:06] [PROGRESS] resolve files> Scanning /home/projjwalraj707/javamlkem/.git/refs/tags...
[2026-01-05 02:20:06] [PROGRESS] resolve files> Scanning /home/projjwalraj707/javamlkem/.git/refs/remotes...
[2026-01-05 02:20:06] [PROGRESS] resolve files> Scanning /home/projjwalraj707/javamlkem/.git/refs/remotes/origin...
[2026-01-05 02:20:06] [PROGRESS] resolve files> Scanning /home/projjwalraj707/javamlkem/.git/refs/heads...
[2026-01-05 02:20:06] [PROGRESS] resolve files> Scanning /home/projjwalraj707/javamlkem/.git/branches...
[2026-01-05 02:20:06] [PROGRESS] resolve files> Scanning /home/projjwalraj707/javamlkem/.git/objects...
[2026-01-05 02:20:06] [PROGRESS] resolve files> Scanning /home/projjwalraj707/javamlkem/.git/objects/info...
[2026-01-05 02:20:06] [PROGRESS] resolve files> Scanning /home/projjwalraj707/javamlkem/.git/objects/pack...
[2026-01-05 02:20:06] [PROGRESS] resolve files> Scanning /home/projjwalraj707/javamlkem/META-INF...
[2026-01-05 02:20:06] [PROGRESS] resolve files> Scanning /home/projjwalraj707/javamlkem/META-INF/versions...
[2026-01-05 02:20:06] [PROGRESS] resolve files> Scanning /home/projjwalraj707/javamlkem/META-INF/versions/21...
[2026-01-05 02:20:06] [PROGRESS] resolve files> Scanning /home/projjwalraj707/javamlkem/META-INF/versions/21/OSGI-INF...
[2026-01-05 02:20:06] [PROGRESS] resolve files> Scanning /home/projjwalraj707/javamlkem/META-INF/versions/21/org...
[2026-01-05 02:20:06] [PROGRESS] resolve files> Scanning /home/projjwalraj707/javamlkem/META-INF/versions/21/org/bouncycastle...
[2026-01-05 02:20:06] [PROGRESS] resolve files> Scanning /home/projjwalraj707/javamlkem/META-INF/versions/21/org/bouncycastle/jcajce...
[2026-01-05 02:20:06] [PROGRESS] resolve files> Scanning /home/projjwalraj707/javamlkem/META-INF/versions/21/org/bouncycastle/jcajce/provider...
[2026-01-05 02:20:06] [PROGRESS] resolve files> Scanning /home/projjwalraj707/javamlkem/META-INF/versions/21/org/bouncycastle/jcajce/provider/asymmetric...
[2026-01-05 02:20:06] [PROGRESS] resolve files> Scanning /home/projjwalraj707/javamlkem/META-INF/versions/21/org/bouncycastle/jcajce/provider/asymmetric/mlkem...
[2026-01-05 02:20:06] [PROGRESS] resolve files> Scanning /home/projjwalraj707/javamlkem/META-INF/versions/21/org/bouncycastle/pqc...
[2026-01-05 02:20:06] [PROGRESS] resolve files> Scanning /home/projjwalraj707/javamlkem/META-INF/versions/21/org/bouncycastle/pqc/jcajce...
[2026-01-05 02:20:06] [PROGRESS] resolve files> Scanning /home/projjwalraj707/javamlkem/META-INF/versions/21/org/bouncycastle/pqc/jcajce/provider...
[2026-01-05 02:20:06] [PROGRESS] resolve files> Scanning /home/projjwalraj707/javamlkem/META-INF/versions/21/org/bouncycastle/pqc/jcajce/provider/hqc...
[2026-01-05 02:20:06] [PROGRESS] resolve files> Scanning /home/projjwalraj707/javamlkem/META-INF/versions/21/org/bouncycastle/pqc/jcajce/provider/ntruprime...
[2026-01-05 02:20:06] [PROGRESS] resolve files> Scanning /home/projjwalraj707/javamlkem/META-INF/versions/21/org/bouncycastle/pqc/jcajce/provider/ntru...
[2026-01-05 02:20:06] [PROGRESS] resolve files> Scanning /home/projjwalraj707/javamlkem/META-INF/versions/11...
[2026-01-05 02:20:06] [PROGRESS] resolve files> Scanning /home/projjwalraj707/javamlkem/META-INF/versions/11/OSGI-INF...
[2026-01-05 02:20:06] [PROGRESS] resolve files> Scanning /home/projjwalraj707/javamlkem/META-INF/versions/11/org...
[2026-01-05 02:20:06] [PROGRESS] resolve files> Scanning /home/projjwalraj707/javamlkem/META-INF/versions/11/org/bouncycastle...
[2026-01-05 02:20:06] [PROGRESS] resolve files> Scanning /home/projjwalraj707/javamlkem/META-INF/versions/11/org/bouncycastle/jcajce...
[2026-01-05 02:20:06] [PROGRESS] resolve files> Scanning /home/projjwalraj707/javamlkem/META-INF/versions/11/org/bouncycastle/jcajce/provider...
[2026-01-05 02:20:06] [PROGRESS] resolve files> Scanning /home/projjwalraj707/javamlkem/META-INF/versions/11/org/bouncycastle/jcajce/provider/asymmetric...
[2026-01-05 02:20:06] [PROGRESS] resolve files> Scanning /home/projjwalraj707/javamlkem/META-INF/versions/11/org/bouncycastle/jcajce/provider/asymmetric/edec...
[2026-01-05 02:20:06] [PROGRESS] resolve files> Scanning /home/projjwalraj707/javamlkem/META-INF/versions/25...
[2026-01-05 02:20:06] [PROGRESS] resolve files> Scanning /home/projjwalraj707/javamlkem/META-INF/versions/25/org...
[2026-01-05 02:20:06] [PROGRESS] resolve files> Scanning /home/projjwalraj707/javamlkem/META-INF/versions/25/org/bouncycastle...
[2026-01-05 02:20:06] [PROGRESS] resolve files> Scanning /home/projjwalraj707/javamlkem/META-INF/versions/25/org/bouncycastle/jsse...
[2026-01-05 02:20:06] [PROGRESS] resolve files> Scanning /home/projjwalraj707/javamlkem/META-INF/versions/25/org/bouncycastle/jsse/provider...
[2026-01-05 02:20:06] [PROGRESS] resolve files> Scanning /home/projjwalraj707/javamlkem/META-INF/versions/15...
[2026-01-05 02:20:06] [PROGRESS] resolve files> Scanning /home/projjwalraj707/javamlkem/META-INF/versions/15/OSGI-INF...
[2026-01-05 02:20:06] [PROGRESS] resolve files> Scanning /home/projjwalraj707/javamlkem/META-INF/versions/15/org...
[2026-01-05 02:20:06] [PROGRESS] resolve files> Scanning /home/projjwalraj707/javamlkem/META-INF/versions/15/org/bouncycastle...
[2026-01-05 02:20:06] [PROGRESS] resolve files> Scanning /home/projjwalraj707/javamlkem/META-INF/versions/15/org/bouncycastle/jcajce...
[2026-01-05 02:20:06] [PROGRESS] resolve files> Scanning /home/projjwalraj707/javamlkem/META-INF/versions/15/org/bouncycastle/jcajce/provider...
[2026-01-05 02:20:06] [PROGRESS] resolve files> Scanning /home/projjwalraj707/javamlkem/META-INF/versions/15/org/bouncycastle/jcajce/provider/asymmetric...
[2026-01-05 02:20:06] [PROGRESS] resolve files> Scanning /home/projjwalraj707/javamlkem/META-INF/versions/15/org/bouncycastle/jcajce/provider/asymmetric/edec...
[2026-01-05 02:20:06] [PROGRESS] resolve files> Scanning /home/projjwalraj707/javamlkem/META-INF/versions/9...
[2026-01-05 02:20:06] [PROGRESS] resolve files> Scanning /home/projjwalraj707/javamlkem/META-INF/versions/9/OSGI-INF...
[2026-01-05 02:20:06] [PROGRESS] resolve files> Scanning /home/projjwalraj707/javamlkem/META-INF/versions/9/org...
[2026-01-05 02:20:06] [PROGRESS] resolve files> Scanning /home/projjwalraj707/javamlkem/META-INF/versions/9/org/bouncycastle...
[2026-01-05 02:20:06] [PROGRESS] resolve files> Scanning /home/projjwalraj707/javamlkem/META-INF/versions/9/org/bouncycastle/tls...
[2026-01-05 02:20:06] [PROGRESS] resolve files> Scanning /home/projjwalraj707/javamlkem/META-INF/versions/9/org/bouncycastle/tls/crypto...
[2026-01-05 02:20:06] [PROGRESS] resolve files> Scanning /home/projjwalraj707/javamlkem/META-INF/versions/9/org/bouncycastle/tls/crypto/impl...
[2026-01-05 02:20:06] [PROGRESS] resolve files> Scanning /home/projjwalraj707/javamlkem/META-INF/versions/9/org/bouncycastle/tls/crypto/impl/jcajce...
[2026-01-05 02:20:06] [PROGRESS] resolve files> Scanning /home/projjwalraj707/javamlkem/META-INF/versions/9/org/bouncycastle/tls/crypto/impl/jcajce/srp...
[2026-01-05 02:20:06] [PROGRESS] resolve files> Scanning /home/projjwalraj707/javamlkem/META-INF/versions/9/org/bouncycastle/math...
[2026-01-05 02:20:06] [PROGRESS] resolve files> Scanning /home/projjwalraj707/javamlkem/META-INF/versions/9/org/bouncycastle/math/ec...
[2026-01-05 02:20:06] [PROGRESS] resolve files> Scanning /home/projjwalraj707/javamlkem/META-INF/versions/9/org/bouncycastle/math/ec/endo...
[2026-01-05 02:20:06] [PROGRESS] resolve files> Scanning /home/projjwalraj707/javamlkem/META-INF/versions/9/org/bouncycastle/math/ec/custom...
[2026-01-05 02:20:06] [PROGRESS] resolve files> Scanning /home/projjwalraj707/javamlkem/META-INF/versions/9/org/bouncycastle/math/ec/custom/gm...
[2026-01-05 02:20:06] [PROGRESS] resolve files> Scanning /home/projjwalraj707/javamlkem/META-INF/versions/9/org/bouncycastle/math/ec/custom/sec...
[2026-01-05 02:20:06] [PROGRESS] resolve files> Scanning /home/projjwalraj707/javamlkem/META-INF/versions/9/org/bouncycastle/math/ec/custom/djb...
[2026-01-05 02:20:06] [PROGRESS] resolve files> Scanning /home/projjwalraj707/javamlkem/META-INF/versions/9/org/bouncycastle/math/raw...
[2026-01-05 02:20:06] [PROGRESS] resolve files> Scanning /home/projjwalraj707/javamlkem/META-INF/versions/9/org/bouncycastle/math/field...
[2026-01-05 02:20:06] [PROGRESS] resolve files> Scanning /home/projjwalraj707/javamlkem/META-INF/versions/9/org/bouncycastle/jcajce...
[2026-01-05 02:20:06] [PROGRESS] resolve files> Scanning /home/projjwalraj707/javamlkem/META-INF/versions/9/org/bouncycastle/jcajce/spec...
[2026-01-05 02:20:06] [PROGRESS] resolve files> Scanning /home/projjwalraj707/javamlkem/META-INF/versions/9/org/bouncycastle/jcajce/interfaces...
[2026-01-05 02:20:06] [PROGRESS] resolve files> Scanning /home/projjwalraj707/javamlkem/META-INF/versions/9/org/bouncycastle/jcajce/provider...
[2026-01-05 02:20:06] [PROGRESS] resolve files> Scanning /home/projjwalraj707/javamlkem/META-INF/versions/9/org/bouncycastle/jcajce/provider/config...
[2026-01-05 02:20:06] [PROGRESS] resolve files> Scanning /home/projjwalraj707/javamlkem/META-INF/versions/9/org/bouncycastle/jcajce/provider/asymmetric...
[2026-01-05 02:20:06] [PROGRESS] resolve files> Scanning /home/projjwalraj707/javamlkem/META-INF/versions/9/org/bouncycastle/jcajce/provider/asymmetric/util...
[2026-01-05 02:20:06] [PROGRESS] resolve files> Scanning /home/projjwalraj707/javamlkem/META-INF/versions/9/org/bouncycastle/jcajce/provider/asymmetric/mlkem...
[2026-01-05 02:20:06] [PROGRESS] resolve files> Scanning /home/projjwalraj707/javamlkem/META-INF/versions/9/org/bouncycastle/jcajce/provider/util...
[2026-01-05 02:20:06] [PROGRESS] resolve files> Scanning /home/projjwalraj707/javamlkem/META-INF/versions/9/org/bouncycastle/jcajce/provider/symmetric...
[2026-01-05 02:20:06] [PROGRESS] resolve files> Scanning /home/projjwalraj707/javamlkem/META-INF/versions/9/org/bouncycastle/jcajce/provider/symmetric/util...
[2026-01-05 02:20:06] [PROGRESS] resolve files> Scanning /home/projjwalraj707/javamlkem/META-INF/versions/9/org/bouncycastle/asn1...
[2026-01-05 02:20:06] [PROGRESS] resolve files> Scanning /home/projjwalraj707/javamlkem/META-INF/versions/9/org/bouncycastle/asn1/gm...
[2026-01-05 02:20:06] [PROGRESS] resolve files> Scanning /home/projjwalraj707/javamlkem/META-INF/versions/9/org/bouncycastle/asn1/anssi...
[2026-01-05 02:20:06] [PROGRESS] resolve files> Scanning /home/projjwalraj707/javamlkem/META-INF/versions/9/org/bouncycastle/asn1/sec...
[2026-01-05 02:20:06] [PROGRESS] resolve files> Scanning /home/projjwalraj707/javamlkem/META-INF/versions/9/org/bouncycastle/asn1/bc...
[2026-01-05 02:20:06] [PROGRESS] resolve files> Scanning /home/projjwalraj707/javamlkem/META-INF/versions/9/org/bouncycastle/asn1/teletrust...
[2026-01-05 02:20:06] [PROGRESS] resolve files> Scanning /home/projjwalraj707/javamlkem/META-INF/versions/9/org/bouncycastle/asn1/cryptopro...
[2026-01-05 02:20:06] [PROGRESS] resolve files> Scanning /home/projjwalraj707/javamlkem/META-INF/versions/9/org/bouncycastle/asn1/nist...
[2026-01-05 02:20:06] [PROGRESS] resolve files> Scanning /home/projjwalraj707/javamlkem/META-INF/versions/9/org/bouncycastle/asn1/pkcs...
[2026-01-05 02:20:06] [PROGRESS] resolve files> Scanning /home/projjwalraj707/javamlkem/META-INF/versions/9/org/bouncycastle/asn1/x509...
[2026-01-05 02:20:06] [PROGRESS] resolve files> Scanning /home/projjwalraj707/javamlkem/META-INF/versions/9/org/bouncycastle/asn1/x9...
[2026-01-05 02:20:06] [PROGRESS] resolve files> Scanning /home/projjwalraj707/javamlkem/META-INF/versions/9/org/bouncycastle/pqc...
[2026-01-05 02:20:06] [PROGRESS] resolve files> Scanning /home/projjwalraj707/javamlkem/META-INF/versions/9/org/bouncycastle/pqc/math...
[2026-01-05 02:20:06] [PROGRESS] resolve files> Scanning /home/projjwalraj707/javamlkem/META-INF/versions/9/org/bouncycastle/pqc/math/ntru...
[2026-01-05 02:20:06] [PROGRESS] resolve files> Scanning /home/projjwalraj707/javamlkem/META-INF/versions/9/org/bouncycastle/pqc/math/ntru/parameters...
[2026-01-05 02:20:06] [PROGRESS] resolve files> Scanning /home/projjwalraj707/javamlkem/META-INF/versions/9/org/bouncycastle/pqc/jcajce...
[2026-01-05 02:20:06] [PROGRESS] resolve files> Scanning /home/projjwalraj707/javamlkem/META-INF/versions/9/org/bouncycastle/pqc/jcajce/spec...
[2026-01-05 02:20:06] [PROGRESS] resolve files> Scanning /home/projjwalraj707/javamlkem/META-INF/versions/9/org/bouncycastle/pqc/jcajce/interfaces...
[2026-01-05 02:20:06] [PROGRESS] resolve files> Scanning /home/projjwalraj707/javamlkem/META-INF/versions/9/org/bouncycastle/pqc/jcajce/provider...
[2026-01-05 02:20:06] [PROGRESS] resolve files> Scanning /home/projjwalraj707/javamlkem/META-INF/versions/9/org/bouncycastle/pqc/jcajce/provider/snova...
[2026-01-05 02:20:06] [PROGRESS] resolve files> Scanning /home/projjwalraj707/javamlkem/META-INF/versions/9/org/bouncycastle/pqc/jcajce/provider/hqc...
[2026-01-05 02:20:06] [PROGRESS] resolve files> Scanning /home/projjwalraj707/javamlkem/META-INF/versions/9/org/bouncycastle/pqc/jcajce/provider/sphincsplus...
[2026-01-05 02:20:06] [PROGRESS] resolve files> Scanning /home/projjwalraj707/javamlkem/META-INF/versions/9/org/bouncycastle/pqc/jcajce/provider/xmss...
[2026-01-05 02:20:06] [PROGRESS] resolve files> Scanning /home/projjwalraj707/javamlkem/META-INF/versions/9/org/bouncycastle/pqc/jcajce/provider/sphincs...
[2026-01-05 02:20:06] [PROGRESS] resolve files> Scanning /home/projjwalraj707/javamlkem/META-INF/versions/9/org/bouncycastle/pqc/jcajce/provider/cmce...
[2026-01-05 02:20:06] [PROGRESS] resolve files> Scanning /home/projjwalraj707/javamlkem/META-INF/versions/9/org/bouncycastle/pqc/jcajce/provider/util...
[2026-01-05 02:20:06] [PROGRESS] resolve files> Scanning /home/projjwalraj707/javamlkem/META-INF/versions/9/org/bouncycastle/pqc/jcajce/provider/kyber...
[2026-01-05 02:20:06] [PROGRESS] resolve files> Scanning /home/projjwalraj707/javamlkem/META-INF/versions/9/org/bouncycastle/pqc/jcajce/provider/bike...
[2026-01-05 02:20:06] [PROGRESS] resolve files> Scanning /home/projjwalraj707/javamlkem/META-INF/versions/9/org/bouncycastle/pqc/jcajce/provider/mayo...
[2026-01-05 02:20:06] [PROGRESS] resolve files> Scanning /home/projjwalraj707/javamlkem/META-INF/versions/9/org/bouncycastle/pqc/jcajce/provider/dilithium...
[2026-01-05 02:20:06] [PROGRESS] resolve files> Scanning /home/projjwalraj707/javamlkem/META-INF/versions/9/org/bouncycastle/pqc/jcajce/provider/picnic...
[2026-01-05 02:20:06] [PROGRESS] resolve files> Scanning /home/projjwalraj707/javamlkem/META-INF/versions/9/org/bouncycastle/pqc/jcajce/provider/newhope...
[2026-01-05 02:20:06] [PROGRESS] resolve files> Scanning /home/projjwalraj707/javamlkem/META-INF/versions/9/org/bouncycastle/pqc/jcajce/provider/falcon...
[2026-01-05 02:20:06] [PROGRESS] resolve files> Scanning /home/projjwalraj707/javamlkem/META-INF/versions/9/org/bouncycastle/pqc/jcajce/provider/lms...
[2026-01-05 02:20:06] [PROGRESS] resolve files> Scanning /home/projjwalraj707/javamlkem/META-INF/versions/9/org/bouncycastle/pqc/jcajce/provider/ntru...
[2026-01-05 02:20:06] [PROGRESS] resolve files> Scanning /home/projjwalraj707/javamlkem/META-INF/versions/9/org/bouncycastle/pqc/asn1...
[2026-01-05 02:20:06] [PROGRESS] resolve files> Scanning /home/projjwalraj707/javamlkem/META-INF/versions/9/org/bouncycastle/pqc/crypto...
[2026-01-05 02:20:06] [PROGRESS] resolve files> Scanning /home/projjwalraj707/javamlkem/META-INF/versions/9/org/bouncycastle/pqc/crypto/snova...
[2026-01-05 02:20:06] [PROGRESS] resolve files> Scanning /home/projjwalraj707/javamlkem/META-INF/versions/9/org/bouncycastle/pqc/crypto/hqc...
[2026-01-05 02:20:06] [PROGRESS] resolve files> Scanning /home/projjwalraj707/javamlkem/META-INF/versions/9/org/bouncycastle/pqc/crypto/sphincsplus...
[2026-01-05 02:20:06] [PROGRESS] resolve files> Scanning /home/projjwalraj707/javamlkem/META-INF/versions/9/org/bouncycastle/pqc/crypto/crystals...
[2026-01-05 02:20:06] [PROGRESS] resolve files> Scanning /home/projjwalraj707/javamlkem/META-INF/versions/9/org/bouncycastle/pqc/crypto/crystals/dilithium...
[2026-01-05 02:20:06] [PROGRESS] resolve files> Scanning /home/projjwalraj707/javamlkem/META-INF/versions/9/org/bouncycastle/pqc/crypto/xmss...
[2026-01-05 02:20:06] [PROGRESS] resolve files> Scanning /home/projjwalraj707/javamlkem/META-INF/versions/9/org/bouncycastle/pqc/crypto/slhdsa...
[2026-01-05 02:20:06] [PROGRESS] resolve files> Scanning /home/projjwalraj707/javamlkem/META-INF/versions/9/org/bouncycastle/pqc/crypto/sphincs...
[2026-01-05 02:20:06] [PROGRESS] resolve files> Scanning /home/projjwalraj707/javamlkem/META-INF/versions/9/org/bouncycastle/pqc/crypto/cmce...
[2026-01-05 02:20:06] [PROGRESS] resolve files> Scanning /home/projjwalraj707/javamlkem/META-INF/versions/9/org/bouncycastle/pqc/crypto/saber...
[2026-01-05 02:20:06] [PROGRESS] resolve files> Scanning /home/projjwalraj707/javamlkem/META-INF/versions/9/org/bouncycastle/pqc/crypto/ntruprime...
[2026-01-05 02:20:06] [PROGRESS] resolve files> Scanning /home/projjwalraj707/javamlkem/META-INF/versions/9/org/bouncycastle/pqc/crypto/util...
[2026-01-05 02:20:06] [PROGRESS] resolve files> Scanning /home/projjwalraj707/javamlkem/META-INF/versions/9/org/bouncycastle/pqc/crypto/mldsa...
[2026-01-05 02:20:06] [PROGRESS] resolve files> Scanning /home/projjwalraj707/javamlkem/META-INF/versions/9/org/bouncycastle/pqc/crypto/mlkem...
[2026-01-05 02:20:06] [PROGRESS] resolve files> Scanning /home/projjwalraj707/javamlkem/META-INF/versions/9/org/bouncycastle/pqc/crypto/bike...
[2026-01-05 02:20:06] [PROGRESS] resolve files> Scanning /home/projjwalraj707/javamlkem/META-INF/versions/9/org/bouncycastle/pqc/crypto/rainbow...
[2026-01-05 02:20:06] [PROGRESS] resolve files> Scanning /home/projjwalraj707/javamlkem/META-INF/versions/9/org/bouncycastle/pqc/crypto/mayo...
[2026-01-05 02:20:06] [PROGRESS] resolve files> Scanning /home/projjwalraj707/javamlkem/META-INF/versions/9/org/bouncycastle/pqc/crypto/picnic...
[2026-01-05 02:20:06] [PROGRESS] resolve files> Scanning /home/projjwalraj707/javamlkem/META-INF/versions/9/org/bouncycastle/pqc/crypto/newhope...
[2026-01-05 02:20:06] [PROGRESS] resolve files> Scanning /home/projjwalraj707/javamlkem/META-INF/versions/9/org/bouncycastle/pqc/crypto/frodo...
[2026-01-05 02:20:06] [PROGRESS] resolve files> Scanning /home/projjwalraj707/javamlkem/META-INF/versions/9/org/bouncycastle/pqc/crypto/falcon...
[2026-01-05 02:20:06] [PROGRESS] resolve files> Scanning /home/projjwalraj707/javamlkem/META-INF/versions/9/org/bouncycastle/pqc/crypto/lms...
[2026-01-05 02:20:06] [PROGRESS] resolve files> Scanning /home/projjwalraj707/javamlkem/META-INF/versions/9/org/bouncycastle/pqc/crypto/ntru...
[2026-01-05 02:20:06] [PROGRESS] resolve files> Scanning /home/projjwalraj707/javamlkem/META-INF/versions/9/org/bouncycastle/jce...
[2026-01-05 02:20:06] [PROGRESS] resolve files> Scanning /home/projjwalraj707/javamlkem/META-INF/versions/9/org/bouncycastle/jce/spec...
[2026-01-05 02:20:06] [PROGRESS] resolve files> Scanning /home/projjwalraj707/javamlkem/META-INF/versions/9/org/bouncycastle/jce/interfaces...
[2026-01-05 02:20:06] [PROGRESS] resolve files> Scanning /home/projjwalraj707/javamlkem/META-INF/versions/9/org/bouncycastle/jce/provider...
[2026-01-05 02:20:06] [PROGRESS] resolve files> Scanning /home/projjwalraj707/javamlkem/META-INF/versions/9/org/bouncycastle/util...
[2026-01-05 02:20:06] [PROGRESS] resolve files> Scanning /home/projjwalraj707/javamlkem/META-INF/versions/9/org/bouncycastle/util/io...
[2026-01-05 02:20:06] [PROGRESS] resolve files> Scanning /home/projjwalraj707/javamlkem/META-INF/versions/9/org/bouncycastle/util/encoders...
[2026-01-05 02:20:06] [PROGRESS] resolve files> Scanning /home/projjwalraj707/javamlkem/META-INF/versions/9/org/bouncycastle/crypto...
[2026-01-05 02:20:06] [PROGRESS] resolve files> Scanning /home/projjwalraj707/javamlkem/META-INF/versions/9/org/bouncycastle/crypto/ec...
[2026-01-05 02:20:06] [PROGRESS] resolve files> Scanning /home/projjwalraj707/javamlkem/META-INF/versions/9/org/bouncycastle/crypto/params...
[2026-01-05 02:20:06] [PROGRESS] resolve files> Scanning /home/projjwalraj707/javamlkem/META-INF/versions/9/org/bouncycastle/crypto/engines...
[2026-01-05 02:20:06] [PROGRESS] resolve files> Scanning /home/projjwalraj707/javamlkem/META-INF/versions/9/org/bouncycastle/crypto/constraints...
[2026-01-05 02:20:06] [PROGRESS] resolve files> Scanning /home/projjwalraj707/javamlkem/META-INF/versions/9/org/bouncycastle/crypto/macs...
[2026-01-05 02:20:06] [PROGRESS] resolve files> Scanning /home/projjwalraj707/javamlkem/META-INF/versions/9/org/bouncycastle/crypto/modes...
[2026-01-05 02:20:06] [PROGRESS] resolve files> Scanning /home/projjwalraj707/javamlkem/META-INF/versions/9/org/bouncycastle/crypto/generators...
[2026-01-05 02:20:06] [PROGRESS] resolve files> Scanning /home/projjwalraj707/javamlkem/META-INF/versions/9/org/bouncycastle/crypto/digests...
[2026-01-05 02:20:06] [PROGRESS] resolve files> Scanning /home/projjwalraj707/javamlkem/META-INF/versions/9/org/bouncycastle/jsse...
[2026-01-05 02:20:06] [PROGRESS] resolve files> Scanning /home/projjwalraj707/javamlkem/META-INF/versions/9/org/bouncycastle/jsse/java...
[2026-01-05 02:20:06] [PROGRESS] resolve files> Scanning /home/projjwalraj707/javamlkem/META-INF/versions/9/org/bouncycastle/jsse/java/security...
[2026-01-05 02:20:06] [PROGRESS] resolve files> Scanning /home/projjwalraj707/javamlkem/META-INF/versions/9/org/bouncycastle/jsse/provider...
[2026-01-05 02:20:06] [PROGRESS] resolve files> Scanning /home/projjwalraj707/javamlkem/META-INF/versions/9/org/bouncycastle/internal...
[2026-01-05 02:20:06] [PROGRESS] resolve files> Scanning /home/projjwalraj707/javamlkem/META-INF/versions/9/org/bouncycastle/internal/asn1...
[2026-01-05 02:20:06] [PROGRESS] resolve files> Scanning /home/projjwalraj707/javamlkem/META-INF/versions/9/org/bouncycastle/internal/asn1/isara...
[2026-01-05 02:20:06] [PROGRESS] resolve files> Scanning /home/projjwalraj707/javamlkem/META-INF/versions/9/org/bouncycastle/internal/asn1/oiw...
[2026-01-05 02:20:06] [PROGRESS] resolve files> Scanning /home/projjwalraj707/javamlkem/META-INF/versions/9/org/bouncycastle/internal/asn1/rosstandart...
[2026-01-05 02:20:06] [PROGRESS] resolve files> Scanning /home/projjwalraj707/javamlkem/META-INF/versions/9/org/bouncycastle/internal/asn1/cryptlib...
[2026-01-05 02:20:06] [PROGRESS] resolve files> Scanning /home/projjwalraj707/javamlkem/META-INF/services...
[2026-01-05 02:20:07] Plumbing command codeql resolve files completed:
                      [
                        "/home/projjwalraj707/javamlkem/DoesSupportPQC.java",
                        "/home/projjwalraj707/javamlkem/ExportToPKCS.java",
                        "/home/projjwalraj707/javamlkem/ListCerts.java",
                        "/home/projjwalraj707/javamlkem/MyClient.java",
                        "/home/projjwalraj707/javamlkem/MyClient2.java",
                        "/home/projjwalraj707/javamlkem/MyClient3.java",
                        "/home/projjwalraj707/javamlkem/MyClientWithWKS.java",
                        "/home/projjwalraj707/javamlkem/Tls13ClientExample.java"
                      ]
[2026-01-05 02:20:07] [DETAILS] database index-files> Found 8 files.
[2026-01-05 02:20:07] [PROGRESS] database index-files> /home/projjwalraj707/javamlkem/database: Indexing files in in /home/projjwalraj707/javamlkem...
[2026-01-05 02:20:07] Using index-files script /home/projjwalraj707/codeql707/codeql-bundle/java/tools/index-files.sh.
[2026-01-05 02:20:07] [PROGRESS] database index-files> Running command in /home/projjwalraj707/javamlkem: [/home/projjwalraj707/codeql707/codeql-bundle/java/tools/index-files.sh, /home/projjwalraj707/javamlkem/database/working/files-to-index9187094846941180661.list]
[2026-01-05 02:20:27] Terminating normally.
