[2026-01-05 02:35:03] This is codeql execute queries -J-Xmx1383M --verbosity=progress --logdir=/home/projjwalraj707/javamlkem/database/log --evaluator-log-level=5 --warnings=show --qlconfig-file=/home/projjwalraj707/javamlkem/qlconfig.yml --dynamic-join-order-mode=none --no-rerun --interpret-passthrough=null,--format=sarif-latest,-o=/home/projjwalraj707/javamlkem/output.json,--max-paths=4,--csv-location-format=line-column,--print-diagnostics-summary,--print-metrics-summary,--qlconfig-file=/home/projjwalraj707/javamlkem/qlconfig.yml,--,/home/projjwalraj707/javamlkem/database,/home/projjwalraj707/codeql707/codeql-bundle/qlpacks/codeql/java-queries/7.8.2:1%s1-1 --output=/home/projjwalraj707/javamlkem/database/results -- /home/projjwalraj707/javamlkem/database/db-java /home/projjwalraj707/codeql707/codeql-bundle/qlpacks/codeql/java-queries/7.8.2:1,1-1
[2026-01-05 02:35:03] Calling plumbing command: codeql resolve queries --qlconfig-file=/home/projjwalraj707/javamlkem/qlconfig.yml --format=json -- /home/projjwalraj707/codeql707/codeql-bundle/qlpacks/codeql/java-queries/7.8.2:1,1-1
[2026-01-05 02:35:03] Exception caught at top level: Invalid package specification: /home/projjwalraj707/codeql707/codeql-bundle/qlpacks/codeql/java-queries/7.8.2:1,1-1
                      (eventual cause: InvalidQuerySpecifierException "Invalid pack name '/home/projjwalraj707/codeql707/codeql-bundle/qlpacks/codeql/j...")
                      com.semmle.frontend.packs.QuerySpecifier.parseOrThrow(QuerySpecifier.java:91)
                      java.base/java.util.stream.ReferencePipeline$3$1.accept(Unknown Source)
                      java.base/java.util.ArrayList$ArrayListSpliterator.forEachRemaining(Unknown Source)
                      java.base/java.util.stream.AbstractPipeline.copyInto(Unknown Source)
                      java.base/java.util.stream.AbstractPipeline.wrapAndCopyInto(Unknown Source)
                      java.base/java.util.stream.ReduceOps$ReduceOp.evaluateSequential(Unknown Source)
                      java.base/java.util.stream.AbstractPipeline.evaluate(Unknown Source)
                      java.base/java.util.stream.ReferencePipeline.collect(Unknown Source)
                      com.semmle.frontend.packs.QuerySpecifier.parseListOrThrow(QuerySpecifier.java:84)
                      com.semmle.cli2.resolve.ResolveQueriesCommand.executeJSON(ResolveQueriesCommand.java:194)
                      com.semmle.cli2.resolve.ResolveQueriesCommand.executeJSON(ResolveQueriesCommand.java:68)
                      com.semmle.cli2.picocli.SimpleJsonSubcommand.executeInsistingOnJSONWithExistingMessages(SimpleJsonSubcommand.java:121)
                      com.semmle.cli2.picocli.SubcommandCommon.withCompilationMessages(SubcommandCommon.java:444)
                      com.semmle.cli2.picocli.SimpleJsonSubcommand.executeInsistingOnJSON(SimpleJsonSubcommand.java:110)
                      com.semmle.cli2.picocli.PlumbingRunner.call(PlumbingRunner.java:61)
                      com.semmle.cli2.picocli.SubcommandCommon.callPlumbingInProcess(SubcommandCommon.java:170)
                      com.semmle.cli2.execute.ExecuteQueriesCommand.executeSubcommand(ExecuteQueriesCommand.java:425)
                      com.semmle.cli2.picocli.SubcommandCommon.lambda$executeSubcommandWithMessages$5(SubcommandCommon.java:892)
                      com.semmle.cli2.picocli.SubcommandCommon.withCompilationMessages(SubcommandCommon.java:444)
                      com.semmle.cli2.picocli.SubcommandCommon.executeSubcommandWithMessages(SubcommandCommon.java:890)
                      com.semmle.cli2.picocli.SubcommandCommon.toplevelMain(SubcommandCommon.java:777)
                      com.semmle.cli2.picocli.SubcommandCommon.call(SubcommandCommon.java:757)
                      com.semmle.cli2.picocli.SubcommandMaker.runMain(SubcommandMaker.java:238)
                      com.semmle.cli2.picocli.SubcommandMaker.runMain(SubcommandMaker.java:259)
                      com.semmle.cli2.CodeQL.main(CodeQL.java:113)
                      
                       ... caused by:
                      
                      com.semmle.frontend.packs.QuerySpecifier$InvalidQuerySpecifierException: Invalid pack name '/home/projjwalraj707/codeql707/codeql-bundle/qlpacks/codeql/java-queries/7.8.2:1,1-1'.
                      com.semmle.frontend.packs.QuerySpecifier.internalParse(QuerySpecifier.java:196)
                      com.semmle.frontend.packs.QuerySpecifier.parseOrThrow(QuerySpecifier.java:89)
                      java.base/java.util.stream.ReferencePipeline$3$1.accept(Unknown Source)
                      java.base/java.util.ArrayList$ArrayListSpliterator.forEachRemaining(Unknown Source)
                      java.base/java.util.stream.AbstractPipeline.copyInto(Unknown Source)
                      java.base/java.util.stream.AbstractPipeline.wrapAndCopyInto(Unknown Source)
                      java.base/java.util.stream.ReduceOps$ReduceOp.evaluateSequential(Unknown Source)
                      java.base/java.util.stream.AbstractPipeline.evaluate(Unknown Source)
                      java.base/java.util.stream.ReferencePipeline.collect(Unknown Source)
                      com.semmle.frontend.packs.QuerySpecifier.parseListOrThrow(QuerySpecifier.java:84)
                      com.semmle.cli2.resolve.ResolveQueriesCommand.executeJSON(ResolveQueriesCommand.java:194)
                      com.semmle.cli2.resolve.ResolveQueriesCommand.executeJSON(ResolveQueriesCommand.java:68)
                      com.semmle.cli2.picocli.SimpleJsonSubcommand.executeInsistingOnJSONWithExistingMessages(SimpleJsonSubcommand.java:121)
                      com.semmle.cli2.picocli.SubcommandCommon.withCompilationMessages(SubcommandCommon.java:444)
                      com.semmle.cli2.picocli.SimpleJsonSubcommand.executeInsistingOnJSON(SimpleJsonSubcommand.java:110)
                      com.semmle.cli2.picocli.PlumbingRunner.call(PlumbingRunner.java:61)
                      com.semmle.cli2.picocli.SubcommandCommon.callPlumbingInProcess(SubcommandCommon.java:170)
                      com.semmle.cli2.execute.ExecuteQueriesCommand.executeSubcommand(ExecuteQueriesCommand.java:425)
                      com.semmle.cli2.picocli.SubcommandCommon.lambda$executeSubcommandWithMessages$5(SubcommandCommon.java:892)
                      com.semmle.cli2.picocli.SubcommandCommon.withCompilationMessages(SubcommandCommon.java:444)
                      com.semmle.cli2.picocli.SubcommandCommon.executeSubcommandWithMessages(SubcommandCommon.java:890)
                      com.semmle.cli2.picocli.SubcommandCommon.toplevelMain(SubcommandCommon.java:777)
                      com.semmle.cli2.picocli.SubcommandCommon.call(SubcommandCommon.java:757)
                      com.semmle.cli2.picocli.SubcommandMaker.runMain(SubcommandMaker.java:238)
                      com.semmle.cli2.picocli.SubcommandMaker.runMain(SubcommandMaker.java:259)
                      com.semmle.cli2.CodeQL.main(CodeQL.java:113)
