[2026-01-05 02:20:21] [javac-output-25462] /home/projjwalraj707/javamlkem/DoesSupportPQC.java:9: error: cannot find symbol
[2026-01-05 02:20:21] [javac-output-25462] 		if (crypto.hasNamedGroup(NamedGroup.MLKEM512)) System.out.println("Congrats! This version of BC supports PQC TLS.");
[2026-01-05 02:20:21] [javac-output-25462] 		                                   ^
[2026-01-05 02:20:21] [javac-output-25462]   symbol:   variable MLKEM512
[2026-01-05 02:20:21] [javac-output-25462]   location: class NamedGroup
[2026-01-05 02:20:27] [javac-output-25462] /home/projjwalraj707/javamlkem/MyClient.java:45: error: cannot find symbol
[2026-01-05 02:20:27] [javac-output-25462] 				v.addElement(Integers.valueOf(NamedGroup.X25519MLKEM768));
[2026-01-05 02:20:27] [javac-output-25462] 				                                        ^
[2026-01-05 02:20:27] [javac-output-25462]   symbol:   variable X25519MLKEM768
[2026-01-05 02:20:27] [javac-output-25462]   location: class NamedGroup
[2026-01-05 02:20:27] [javac-output-25462] /home/projjwalraj707/javamlkem/Tls13ClientExample.java:16: error: no suitable constructor found for TlsClientProtocol(InputStream,OutputStream,SecureRandom)
[2026-01-05 02:20:27] [javac-output-25462]             TlsClientProtocol protocol = new TlsClientProtocol(new Socket(host, port).getInputStream(),
[2026-01-05 02:20:27] [javac-output-25462]                                          ^
[2026-01-05 02:20:27] [javac-output-25462]     constructor TlsClientProtocol.TlsClientProtocol() is not applicable
[2026-01-05 02:20:27] [javac-output-25462]       (actual and formal argument lists differ in length)
[2026-01-05 02:20:27] [javac-output-25462]     constructor TlsClientProtocol.TlsClientProtocol(InputStream,OutputStream) is not applicable
[2026-01-05 02:20:27] [javac-output-25462]       (actual and formal argument lists differ in length)
[2026-01-05 02:20:27] [javac-output-25462] /home/projjwalraj707/javamlkem/Tls13ClientExample.java:46: error: MyTls13Client is not abstract and does not override abstract method getAuthentication() in TlsClient
[2026-01-05 02:20:27] [javac-output-25462]     static class MyTls13Client extends DefaultTlsClient {
[2026-01-05 02:20:27] [javac-output-25462]                  ^
[2026-01-05 02:20:27] [javac-output-25462] /home/projjwalraj707/javamlkem/Tls13ClientExample.java:57: error: incompatible types: ProtocolVersion cannot be converted to ProtocolVersion[]
[2026-01-05 02:20:27] [javac-output-25462]             TlsExtensionsUtils.addSupportedVersionsExtensionClient(extensions, ProtocolVersion.TLSv13);
[2026-01-05 02:20:27] [javac-output-25462]                                                                                               ^
[2026-01-05 02:20:27] [javac-output-25462] /home/projjwalraj707/javamlkem/Tls13ClientExample.java:73: error: cannot find symbol
[2026-01-05 02:20:27] [javac-output-25462]             String cipherSuiteName = CipherSuite.getName(cipherSuite);
[2026-01-05 02:20:27] [javac-output-25462]                                                 ^
[2026-01-05 02:20:27] [javac-output-25462]   symbol:   method getName(int)
[2026-01-05 02:20:27] [javac-output-25462]   location: class CipherSuite
[2026-01-05 02:20:27] [javac-output-25462] /home/projjwalraj707/javamlkem/Tls13ClientExample.java:76: error: cannot find symbol
[2026-01-05 02:20:27] [javac-output-25462]             int namedGroup = params.getNamedGroup();
[2026-01-05 02:20:27] [javac-output-25462]                                    ^
[2026-01-05 02:20:27] [javac-output-25462]   symbol:   method getNamedGroup()
[2026-01-05 02:20:27] [javac-output-25462]   location: variable params of type SecurityParameters
